// Jest Snapshot v1, https://goo.gl/fbAQLP

exports[`Test AvatarUser component should render component 1`] = `
<div>
  <div
    class="JoyAvatar-root JoyAvatar-variantSoft JoyAvatar-colorNeutral JoyAvatar-sizeSm css-3fr2zd-JoyAvatar-root"
  >
    <p
      class="JoyTypography-root JoyTypography-body1 css-1837725-JoyTypography-root"
    >
      JO
    </p>
  </div>
  <p
    class="JoyTypography-root JoyTypography-body1 css-1837725-JoyTypography-root"
  >
    John
  </p>
</div>
`;
