// Jest Snapshot v1, https://goo.gl/fbAQLP

exports[`Test AvatarUser component should render component 1`] = `
<div>
  <div
    class="JoyAvatar-root JoyAvatar-variantSoft JoyAvatar-colorNeutral JoyAvatar-sizeSm css-3fr2zd-JoyAvatar-root"
  >
    <p
      class="JoyTypography-root JoyTypography-body1 css-1837725-JoyTypography-root"
    >
      JO
    </p>
  </div>
  <div
    class="JoyBox-root css-j7qwjs"
  >
    <p
      class="JoyTypography-root JoyTypography-body1 css-yfw4hu-JoyTypography-root"
    >
      John
    </p>
    <span
      class="JoyTypography-root JoyTypography-body3 css-3yimt6-JoyTypography-root"
    />
  </div>
</div>
`;
